// Jest Snapshot v1, https://goo.gl/fbAQLP

exports[`View component matches snapshot 1`] = `
<DocumentFragment>
  <div
    data-testid="view"
  >
    <div>
      Loading...
    </div>
  </div>
</DocumentFragment>
`;
